-3 -1 H 0
2 3 H 270
2 6 H 0
7 3 H 0
7 11 H 90
12 15 H 90
13 13 H 90
20 13 H 0
20 20 H 90
