9 10 H 0
14 13 H 270
12 15 H 0
16 15 H 90
14 17 H 180
