

14 0 T 270





12 3 T 0



6 3 H 180



3 3 H 180
